26-07-2026 00:23:51 - [STX]RB[ETX]
26-07-2026 00:23:52 - [STX]DB[ETX]
26-07-2026 00:24:03 - [STX]R 000801N0220                   9153004[ETX]
26-07-2026 00:24:03 - --Send Message To Machine --[STX]S 000801 0220                   9153004    E014[ETX]
26-07-2026 00:24:04 - [ACK]
26-07-2026 00:24:07 - [STX]R 000802N0221                   9152298[ETX]
26-07-2026 00:24:08 - --Send Message To Machine --[STX]S 000802 0221                   9152298    E014[ETX]
26-07-2026 00:24:08 - [ACK]
26-07-2026 00:24:12 - [STX]R 000803N0222                   9151760[ETX]
26-07-2026 00:24:12 - --Send Message To Machine --[STX]S 000803 0222                   9151760    E014[ETX]
26-07-2026 00:24:13 - [ACK]
26-07-2026 00:24:17 - [STX]R 000804N0223                   9153013[ETX]
26-07-2026 00:24:17 - --Send Message To Machine --[STX]S 000804 0223                   9153013    E014[ETX]
26-07-2026 00:24:17 - [ACK]
26-07-2026 00:24:21 - [STX]R 000805N0224                   9153020[ETX]
26-07-2026 00:24:21 - --Send Message To Machine --[STX]S 000805 0224                   9153020    E014[ETX]
26-07-2026 00:24:22 - [ACK]
26-07-2026 00:24:26 - [STX]R 000806N0225                   9152304[ETX]
26-07-2026 00:24:26 - --Send Message To Machine --[STX]S 000806 0225                   9152304    E014[ETX]
26-07-2026 00:24:26 - [ACK]
26-07-2026 00:24:30 - [STX]R 000807N0226                   9143896[ETX]
26-07-2026 00:24:30 - --Send Message To Machine --[STX]S 000807 0226                   9143896    E099009097028029098006[ETX]
26-07-2026 00:24:31 - [ACK]
26-07-2026 00:24:35 - [STX]R 000808N0227                   9143890[ETX]
26-07-2026 00:24:35 - --Send Message To Machine --[STX]S 000808 0227                   9143890    E007026[ETX]
26-07-2026 00:24:35 - [ACK]
26-07-2026 00:24:39 - [STX]R 000809N0228                   9152301[ETX]
26-07-2026 00:24:39 - --Send Message To Machine --[STX]S 000809 0228                   9152301    E007026[ETX]
26-07-2026 00:24:40 - [ACK]
26-07-2026 00:24:44 - [STX]R 000810N0229                   9152297[ETX]
26-07-2026 00:24:44 - --Send Message To Machine --[STX]S 000810 0229                   9152297    E017027[ETX]
26-07-2026 00:24:44 - [ACK]
26-07-2026 00:31:31 - [STX]R 000901N0230                   9152302[ETX]
26-07-2026 00:31:31 - --Send Message To Machine --[STX]S 000901 0230                   9152302    E007026[ETX]
26-07-2026 00:31:32 - [ACK]
26-07-2026 00:31:36 - [STX]R 000902N0231                   9143887[ETX]
26-07-2026 00:31:36 - --Send Message To Machine --[STX]S 000902 0231                   9143887    E099007009013097001025026028029002098003005012024006[ETX]
26-07-2026 00:31:36 - [ACK]
26-07-2026 00:31:40 - [STX]R 000903N0232                   9153021[ETX]
26-07-2026 00:31:40 - --Send Message To Machine --[STX]S 000903 0232                   9153021    E099007009013097001025026028029002098003005012024006[ETX]
26-07-2026 00:31:41 - [ACK]
26-07-2026 00:31:45 - [STX]R 000904N0233                   9152305[ETX]
26-07-2026 00:31:45 - --Send Message To Machine --[STX]S 000904 0233                   9152305    E099007009013097001025026028029002098003005012024006[ETX]
26-07-2026 00:31:45 - [ACK]
26-07-2026 00:31:49 - [STX]R 000905N0234                   9143899[ETX]
26-07-2026 00:31:49 - --Send Message To Machine --[STX]S 000905 0234                   9143899    E099007009013097001025026028029002098003005012024006[ETX]
26-07-2026 00:31:50 - [ACK]
26-07-2026 00:31:54 - [STX]R 000906N0235                   9284410[ETX]
26-07-2026 00:31:54 - --Send Message To Machine --[STX]S 000906 0235                   9284410    E099007010009013097001025026028029002098003005012024006[ETX]
26-07-2026 00:31:55 - [ACK]
26-07-2026 00:31:58 - [STX]R 000907N0236                   9284406[ETX]
26-07-2026 00:31:58 - --Send Message To Machine --[STX]S 000907 0236                   9284406    E099007010009013097001025026028029002098003005012024006[ETX]
26-07-2026 00:31:59 - [ACK]
26-07-2026 00:32:03 - [STX]R 000908N0237                   8560985[ETX]
26-07-2026 00:32:03 - --Send Message To Machine --[STX]S 000908 0237                   8560985    E099007009013097001025026028029002098003005012024006[ETX]
26-07-2026 00:32:04 - [ACK]
26-07-2026 00:32:07 - [STX]R 000909N0238                   9145131[ETX]
26-07-2026 00:32:08 - --Send Message To Machine --[STX]S 000909 0238                   9145131    E099007009013097001025026028029002098003005012024006[ETX]
26-07-2026 00:32:08 - [ACK]
26-07-2026 00:32:12 - [STX]R 000910N0239                   9151759[ETX]
26-07-2026 00:32:12 - --Send Message To Machine --[STX]S 000910 0239                   9151759    E099007009013097001025026028029002098003005012024006[ETX]
26-07-2026 00:32:13 - [ACK]
26-07-2026 00:36:17 - [STX]D 000801 0220                   9153004    E20260726003118014 147.1  [ETX]
26-07-2026 00:36:21 - [STX]D 000802 0221                   9152298    E20260726003123014  84.3  [ETX]
26-07-2026 00:36:25 - [STX]D 000803 0222                   9151760    E20260726003127014  91.1  [ETX]
26-07-2026 00:36:30 - [STX]D 000804 0223                   9153013    E20260726003132014  78.9  [ETX]
26-07-2026 00:36:34 - [STX]D 000805 0224                   9153020    E20260726003136014  82.6  [ETX]
26-07-2026 00:36:39 - [STX]D 000806 0225                   9152304    E20260726003141014 106.1  [ETX]
26-07-2026 00:37:02 - [STX]D 000807 0226                   9143896    E20260726003203009 4.523  028112.57  029   4.2  006  7.61  097 140.5  098 4.673  099
26-07-2026 00:37:02 -  107.1  [ETX]
26-07-2026 00:37:11 - [STX]D 000808 0227                   9143890    E20260726003213026 174.3  007 170.6  [ETX]
26-07-2026 00:37:20 - [STX]D 000809 0228                   9152301    E20260726003222026 385.6  007 199.4  [ETX]
26-07-2026 00:37:29 - [STX]D 000810 0229                   9152297    E20260726003231017 51.77  027 239.0  [ETX]
26-07-2026 00:37:30 - [STX]Rh000801 0220                   9153004[ETX]
26-07-2026 00:37:33 - [NAK]
26-07-2026 00:37:35 - [STX]Rh000802 0221                   9152298[ETX]
26-07-2026 00:37:38 - [NAK]
26-07-2026 00:37:40 - [STX]Rh000803 0222                   9151760[ETX]
26-07-2026 00:37:43 - [NAK]
26-07-2026 00:37:44 - [STX]Rh000804 0223                   9153013[ETX]
26-07-2026 00:37:47 - [NAK]
26-07-2026 00:37:49 - [STX]Rh000805 0224                   9153020[ETX]
26-07-2026 00:37:52 - [NAK]
26-07-2026 00:37:53 - [STX]Rh000806 0225                   9152304[ETX]
26-07-2026 00:37:56 - [NAK]
26-07-2026 00:37:58 - [STX]Rh000807 0226                   9143896[ETX]
26-07-2026 00:38:01 - [NAK]
26-07-2026 00:38:03 - [STX]Rh000808 0227                   9143890[ETX]
26-07-2026 00:38:06 - [NAK]
26-07-2026 00:38:07 - [STX]Rh000809 0228                   9152301[ETX]
26-07-2026 00:38:10 - [NAK]
26-07-2026 00:38:12 - [STX]Rh000810 0229                   9152297[ETX]
26-07-2026 00:38:15 - [NAK]
26-07-2026 00:41:20 - [STX]D 000901 0230                   9152302    E20260726003621026  90.2  007 164.5  [ETX]
26-07-2026 00:42:37 - [STX]D 000902 0231                   9143887    E20260726003738001  4.23  009 0.553  026 246.0  025  7.97  002  76.9  003  19.5  028
26-07-2026 00:42:37 -  18.88  012 0.037  005  31.1  013  19.6  029   3.7  006  9.14  007 180.7  024 0.444  097 136.5  098 6.441  099 100.4  [ETX]
26-07-2026 00:43:53 - [STX]D 000903 0232                   9153021    E20260726003855001  4.76  009 0.666  026 102.8  025  7.93  002  73.4  003  15.8  028
26-07-2026 00:43:54 -  26.92  012 0.040  005  24.0  013  21.1  029   3.1  006 10.00  007 234.3  024 0.400  097 140.3  098 4.231  099 101.4  [ETX]
26-07-2026 00:45:11 - [STX]D 000904 0233                   9152305    E20260726004012001  4.84  009 1.102  026 304.8  025  8.59  002  83.6  003  69.8  028
26-07-2026 00:45:11 -  27.16  012 0.139  005  43.3  013  35.6  029   6.4  006 10.61  007 268.9  024 0.776  097 141.7  098 3.640  099  98.8  [ETX]
26-07-2026 00:46:27 - [STX]D 000905 0234                   9143899    E20260726004129001  4.63  009 0.861  026 112.5  025  7.99  002  46.2  003   7.4  028
26-07-2026 00:46:28 -  42.91  012 0.133  005  21.9  013  10.8  029   3.1  006  9.75  007 143.9  024 0.720  097 139.8  098 4.072  099 107.9  [ETX]
26-07-2026 00:48:02 - [STX]D 000906 0235                   9284410    E20260726004304001  4.36  009 0.410  026  52.4  025  7.83  010  1.10  002  67.2  003
26-07-2026 00:48:03 -   16.3  028 22.12  012 0.187  005  26.7  013  11.5  029   3.4  006  8.86  007 114.3  024 0.898  097 138.2  098 3.773  099 105.7 
26-07-2026 00:48:03 -  [ETX]
26-07-2026 00:49:37 - [STX]D 000907 0236                   9284406    E20260726004439001  4.11  009 0.816  026 142.6  025  7.57  010 38.28  002  95.5  003
26-07-2026 00:49:38 -   15.0  028 28.84  012 0.133  005  17.9  013  15.7  029   5.9  006  9.37  007 190.2  024 0.811  097 140.4  098 3.715  099 103.5 
26-07-2026 00:49:38 -  [ETX]
26-07-2026 00:50:54 - [STX]D 000908 0237                   8560985    E20260726004556001  4.95  009 0.951  026 297.4  025  7.74  002  69.5  003  23.4  028
26-07-2026 00:50:55 -  28.01  012 0.117  005  21.6  013  12.8  029   5.5  006 10.63  007 220.4  024 0.839  097 143.0  098 3.735  099  98.2  [ETX]
26-07-2026 00:50:59 - [STX]R 000501N0240                   9153014[ETX]
26-07-2026 00:50:59 - --Send Message To Machine --[STX]S 000501 0240                   9153014    E099007009013097001025026028029002098003005012024006[ETX]
26-07-2026 00:51:00 - [ACK]
26-07-2026 00:51:03 - [STX]R 000502N0241                   9152299[ETX]
26-07-2026 00:51:04 - --Send Message To Machine --[STX]S 000502 0241                   9152299    E099007009013017097001025026028029027002098003005012024006[ETX]
26-07-2026 00:51:04 - [ACK]
26-07-2026 00:51:08 - [STX]R 000503N0242                   9153017[ETX]
26-07-2026 00:51:08 - --Send Message To Machine --[STX]S 000503 0242                   9153017    E099007010009013017097001025026028029027002098003005012024006[ETX]
26-07-2026 00:51:09 - [ACK]
26-07-2026 00:51:12 - [STX]R 000504N0243                   9153023[ETX]
26-07-2026 00:51:13 - --Send Message To Machine --[STX]S 000504 0243                   9153023    E099007009013017097001025026028029027002098003005012024006[ETX]
26-07-2026 00:51:13 - [ACK]
26-07-2026 00:51:17 - [STX]R 000505N0244                   9153005[ETX]
26-07-2026 00:51:17 - --Send Message To Machine --[STX]S 000505 0244                   9153005    E099007010009013017097001025026028029022027002098003005012024006[ETX]
26-07-2026 00:51:18 - [ACK]
26-07-2026 00:51:21 - [STX]R 000506N0245                   9145123[ETX]
26-07-2026 00:51:22 - --Send Message To Machine --[STX]S 000506 0245                   9145123    E099007009013017097001025026028029027002098003005012024006[ETX]
26-07-2026 00:51:22 - [ACK]
26-07-2026 00:51:26 - [STX]R 000507N0246                   9153007[ETX]
26-07-2026 00:51:26 - --Send Message To Machine --[STX]S 000507 0246                   9153007    E099007009013017097001025026028029027002098003005012024006[ETX]
26-07-2026 00:51:27 - [ACK]
26-07-2026 00:51:30 - [STX]R 000508N0247                   9145126[ETX]
26-07-2026 00:51:31 - --Send Message To Machine --[STX]S 000508 0247                   9145126    E099007009013017097001025026028029027002098003005012024006[ETX]
26-07-2026 00:51:31 - [ACK]
26-07-2026 00:52:02 - [STX]D 000909 0238                   9145131    E20260726004704001  4.38  009      %?026      %?025      %?002  81.2  003      %?028
26-07-2026 00:52:02 -       %?005      %?013      %?006      %?007      %?024      %?097 138.6  098 4.971  099 102.2  [ETX]
26-07-2026 00:53:24 - [STX]D 000910 0239                   9151759    E20260726004826001  4.40  009 0.981  026  68.3  025  7.81  002  54.2  003  53.3  028
26-07-2026 00:53:24 -  32.98  012 0.118  005  26.8  013  32.1  029   6.4  006  9.59  007 167.9  024 0.772  097 138.4  098 4.147  099 106.1  [ETX]
26-07-2026 00:53:25 - [STX]Rh000901 0230                   9152302[ETX]
26-07-2026 00:53:29 - [NAK]
26-07-2026 00:53:30 - [STX]Rh000902 0231                   9143887[ETX]
26-07-2026 00:53:30 - --Send Message To Machine --[STX]S 000902 0231                   9143887    E001025012024[ETX]
26-07-2026 00:53:31 - [ACK]
26-07-2026 00:53:32 - [STX]Rh000903 0232                   9153021[ETX]
26-07-2026 00:53:33 - --Send Message To Machine --[STX]S 000903 0232                   9153021    E001025012024[ETX]
26-07-2026 00:53:33 - [ACK]
26-07-2026 00:53:35 - [STX]Rh000904 0233                   9152305[ETX]
26-07-2026 00:53:35 - --Send Message To Machine --[STX]S 000904 0233                   9152305    E001025012024[ETX]
26-07-2026 00:53:36 - [ACK]
26-07-2026 00:53:37 - [STX]Rh000905 0234                   9143899[ETX]
26-07-2026 00:53:38 - --Send Message To Machine --[STX]S 000905 0234                   9143899    E001025012024[ETX]
26-07-2026 00:53:38 - [ACK]
26-07-2026 00:53:40 - [STX]Rh000906 0235                   9284410[ETX]
26-07-2026 00:53:40 - --Send Message To Machine --[STX]S 000906 0235                   9284410    E001025012024[ETX]
26-07-2026 00:53:40 - [ACK]
26-07-2026 00:53:42 - [STX]Rh000907 0236                   9284406[ETX]
26-07-2026 00:53:42 - --Send Message To Machine --[STX]S 000907 0236                   9284406    E001025012024[ETX]
26-07-2026 00:53:43 - [ACK]
26-07-2026 00:53:44 - [STX]Rh000908 0237                   8560985[ETX]
26-07-2026 00:53:45 - --Send Message To Machine --[STX]S 000908 0237                   8560985    E001025012024[ETX]
26-07-2026 00:53:45 - [ACK]
26-07-2026 00:53:47 - [STX]Rh000910 0239                   9151759[ETX]
26-07-2026 00:53:47 - --Send Message To Machine --[STX]S 000910 0239                   9151759    E001025012024[ETX]
26-07-2026 00:53:48 - [ACK]
26-07-2026 01:00:34 - [STX]R 000901N0248                   9145131[ETX]
26-07-2026 01:00:34 - --Send Message To Machine --[STX]S 000901 0248                   9145131    E007009013001025026028029003005012024006[ETX]
26-07-2026 01:00:34 - [ACK]
26-07-2026 01:01:55 - [STX]D 000501 0240                   9153014    E20260726005657001  4.53  009 0.763  026  70.3  025  8.36  002  75.6  003  13.1  028
26-07-2026 01:01:55 -  17.33  012 0.024  005  18.6  013  10.4  029   3.0  006 10.00  007 226.9  024 0.287  097 140.0  098 5.922  099 100.4  [ETX]
26-07-2026 01:03:21 - [STX]D 000502 0241                   9152299    E20260726005823001  4.22  009 1.057  017140.71  026 142.2  025  7.32  002  71.1  003
26-07-2026 01:03:21 -   16.6  027 198.1  028 27.91  012 0.133  005  19.7  013  20.3  029   4.7  006  9.30  007 193.5  024 0.820  097 144.6  098 4.843 
26-07-2026 01:03:21 -  099 102.4  [ETX]
26-07-2026 01:05:05 - [STX]D 000503 0242                   9153017    E20260726010007001  4.53  009 0.711  017 35.70  026  83.3  025  7.69  010  0.52  002
26-07-2026 01:05:06 -   54.5  003  10.7  027 442.0  028 21.50  012 0.057  005  20.5  013  10.5  029   4.0  006  9.63  007 254.0  024 0.628  097 136.9 
26-07-2026 01:05:06 -  098 4.925  099 103.5  [ETX]
26-07-2026 01:06:31 - [STX]D 000504 0243                   9153023    E20260726010133001  4.32  009 0.846  017103.94  026 467.3  025  7.45  002  84.8  003
26-07-2026 01:06:31 -   63.3  027 260.8  028 26.29  012 0.095  005  51.4  013  93.3  029   5.5  006  9.84  007 250.2  024 0.601  097 139.6  098 4.717 
26-07-2026 01:06:31 -  099 105.2  [ETX]
26-07-2026 01:06:40 - [STX]D     03 P016                   9278010    E20260726010142017 39.15  [ETX]
26-07-2026 01:08:29 - [STX]D 000505 0244                   9153005    E20260726010331001  4.07  009 0.681  017  0.55G 026 122.3  025  7.10  010  0.95  002
26-07-2026 01:08:29 -   51.3  003  20.5  027 181.3  028 24.58  012 0.095  005  18.3  013  13.8  029   3.3  022   3.4G 006  6.56  007 146.5  024 0.518 
26-07-2026 01:08:29 -  097 142.3  098 5.259  099  99.0  [ETX]
26-07-2026 01:09:55 - [STX]D 000506 0245                   9145123    E20260726010457001  4.50  009 0.816  017144.85  026 269.6  025  7.71  002  68.1  003
26-07-2026 01:09:55 -   89.1  027 273.3  028 27.39  012 0.073  005  44.0  013  81.9  029   2.2  006 10.19  007 158.8  024 0.610  097 139.2  098 4.536 
26-07-2026 01:09:55 -  099 107.9  [ETX]
26-07-2026 01:11:21 - [STX]D 000507 0246                   9153007    E20260726010623001  4.05  009 0.951  017 45.28  026  56.7  025  7.66  002  92.7  003
26-07-2026 01:11:21 -   18.0  027 342.7  028 32.35  012 0.117  005  25.9  013  18.6  029   4.0  006  9.36  007 132.6  024 0.444  097 142.9  098 5.075 
26-07-2026 01:11:21 -  099 101.9  [ETX]
26-07-2026 01:12:47 - [STX]D 000508 0247                   9145126    E20260726010749001  4.49  009 0.808  017 55.31  026 186.0  025  8.14  002 166.5  003
26-07-2026 01:12:47 -   60.0  027 307.4  028 19.14  012 0.116  005  33.6  013  23.7  029   5.1  006  9.73  007 139.8  024 0.776  097 138.8  098 4.586 
26-07-2026 01:12:47 -  099  97.1  [ETX]
26-07-2026 01:12:49 - [STX]Rh000501 0240                   9153014[ETX]
26-07-2026 01:12:49 - --Send Message To Machine --[STX]S 000501 0240                   9153014    E001025012024[ETX]
26-07-2026 01:12:49 - [ACK]
26-07-2026 01:12:51 - [STX]Rh000502 0241                   9152299[ETX]
26-07-2026 01:12:51 - --Send Message To Machine --[STX]S 000502 0241                   9152299    E001025012024[ETX]
26-07-2026 01:12:52 - [ACK]
26-07-2026 01:12:53 - [STX]Rh000503 0242                   9153017[ETX]
26-07-2026 01:12:54 - --Send Message To Machine --[STX]S 000503 0242                   9153017    E001025012024[ETX]
26-07-2026 01:12:54 - [ACK]
26-07-2026 01:12:56 - [STX]Rh000504 0243                   9153023[ETX]
26-07-2026 01:12:56 - --Send Message To Machine --[STX]S 000504 0243                   9153023    E001025012024[ETX]
26-07-2026 01:12:57 - [ACK]
26-07-2026 01:12:58 - [STX]Rh000505 0244                   9153005[ETX]
26-07-2026 01:12:58 - --Send Message To Machine --[STX]S 000505 0244                   9153005    E001025012024[ETX]
26-07-2026 01:12:59 - [ACK]
26-07-2026 01:13:01 - [STX]Rh000506 0245                   9145123[ETX]
26-07-2026 01:13:01 - --Send Message To Machine --[STX]S 000506 0245                   9145123    E001025012024[ETX]
26-07-2026 01:13:01 - [ACK]
26-07-2026 01:13:03 - [STX]Rh000507 0246                   9153007[ETX]
26-07-2026 01:13:03 - --Send Message To Machine --[STX]S 000507 0246                   9153007    E001025012024[ETX]
26-07-2026 01:13:04 - [ACK]
26-07-2026 01:13:05 - [STX]Rh000508 0247                   9145126[ETX]
26-07-2026 01:13:06 - --Send Message To Machine --[STX]S 000508 0247                   9145126    E001025012024[ETX]
26-07-2026 01:13:06 - [ACK]
26-07-2026 01:14:04 - [STX]D 000901 0248                   9145131    E20260726010906001  4.40  009 0.613  026 117.4  025  7.49  003  18.9  028 12.50  012
26-07-2026 01:14:04 -  0.089  005  26.3  013  36.4  029   3.8  006  9.99  007 170.8  024 0.453  [ETX]
26-07-2026 01:14:05 - [STX]Rh000901 0248                   9145131[ETX]
26-07-2026 01:14:06 - --Send Message To Machine --[STX]S 000901 0248                   9145131    E007013001025026028029003005012024006[ETX]
26-07-2026 01:14:06 - [ACK]
26-07-2026 01:19:30 - [STX]R 000801N0249                   9143885[ETX]
26-07-2026 01:19:30 - --Send Message To Machine --[STX]S 000801 0249                   9143885    E099007009013017097001025026028029027002098003005012024006[ETX]
26-07-2026 01:19:30 - [ACK]
26-07-2026 01:30:40 - [STX]D 000801 0249                   9143885    E20260726012541001  4.32  009 0.673  017179.49  026  72.9  025  7.00  002  81.0  003
26-07-2026 01:30:40 -   11.3  027 139.5  028 23.32  012 0.166  005  31.0  013   9.7  029   3.8  006  9.34  007 114.9  024 1.344  097 140.3  098 5.042 
26-07-2026 01:30:40 -  099 102.6  [ETX]
26-07-2026 01:30:41 - [STX]Rh000801 0249                   9143885[ETX]
26-07-2026 01:30:42 - --Send Message To Machine --[STX]S 000801 0249                   9143885    E099007009013097001025026028029027002098003005012024006[ETX]
26-07-2026 01:30:42 - [ACK]
26-07-2026 01:44:11 - [STX]RE[ETX]
26-07-2026 01:44:13 - [STX]DE[ETX]
26-07-2026 09:32:54 - [STX]RB[ETX]
26-07-2026 09:32:56 - [STX]DB[ETX]
26-07-2026 09:33:03 - [STX]R 000301N0001                   9284421[ETX]
26-07-2026 09:33:18 - [NAK][STX]R 000302N0001                   9284425[ETX][STX]R 000303N0001                   9284439[ETX]
26-07-2026 09:33:33 - [NAK][STX]R 000304N0001                   9284429[ETX]
26-07-2026 09:43:28 - [STX]R 000301N0001                   9284421[ETX]
26-07-2026 09:43:43 - [NAK][STX]R 000302N0001                   9284425[ETX][STX]R 000303N0001                   9284439[ETX]
26-07-2026 09:43:58 - [NAK][STX]R 000304N0001                   9284429[ETX][STX]R 000305N0001                   9284420[ETX]
26-07-2026 09:44:01 - [NAK]
26-07-2026 09:49:25 - [STX]R 000301N0001                   9284421[ETX]
26-07-2026 09:49:41 - [NAK][STX]R 000302N0001                   9284425[ETX][STX]R 000303N0001                   9284439[ETX]
26-07-2026 09:49:44 - [NAK]
26-07-2026 09:49:45 - [STX]R 000304N0001                   9284429[ETX]
26-07-2026 09:49:48 - [NAK]
26-07-2026 09:49:50 - [STX]R 000305N0001                   9284420[ETX]
26-07-2026 09:50:05 - [NAK][STX]R 000306N0001                   9284435[ETX][STX]R 000307N0001                   9284426[ETX]
26-07-2026 09:50:08 - [NAK]
26-07-2026 09:50:09 - [STX]R 000308N0001                   9284430[ETX]
26-07-2026 09:50:12 - [NAK]
26-07-2026 09:50:14 - [STX]R 000309N0001                   9284434[ETX]
26-07-2026 09:50:17 - [NAK]
26-07-2026 09:50:18 - [STX]R 000310N0001                   9284438[ETX]
26-07-2026 09:50:33 - [NAK]
26-07-2026 09:54:56 - [STX]R 000301N0001                   9284421[ETX]
26-07-2026 09:55:11 - [NAK][STX]R 000302N0001                   9284425[ETX][STX]R 000303N0001                   9284439[ETX]
26-07-2026 09:55:14 - [NAK]
26-07-2026 09:55:15 - [STX]R 000304N0001                   9284429[ETX]
26-07-2026 09:55:18 - [NAK]
26-07-2026 09:55:20 - [STX]R 000305N0001                   9284420[ETX]
26-07-2026 09:55:35 - [NAK][STX]R 000306N0001                   9284435[ETX][STX]R 000307N0001                   9284426[ETX]
26-07-2026 09:55:38 - [NAK]
26-07-2026 09:55:39 - [STX]R 000308N0001                   9284430[ETX]
26-07-2026 09:55:42 - [NAK]
26-07-2026 09:55:44 - [STX]R 000309N0001                   9284434[ETX]
26-07-2026 09:55:47 - [NAK]
26-07-2026 09:55:49 - [STX]R 000310N0001                   9284438[ETX]
26-07-2026 09:56:03 - [NAK]
26-07-2026 09:58:20 - [STX]R 000301N0001                   9284421[ETX]
26-07-2026 09:58:34 - [NAK][STX]R 000302N0001                   9284425[ETX][STX]R 000303N0001                   9284439[ETX]
26-07-2026 09:58:37 - [NAK]
26-07-2026 09:58:39 - [STX]R 000304N0001                   9284429[ETX]
26-07-2026 09:58:42 - [NAK]
26-07-2026 09:58:43 - [STX]R 000305N0001                   9284420[ETX]
26-07-2026 09:58:47 - [NAK]
26-07-2026 09:58:48 - [STX]R 000306N0001                   9284435[ETX]
26-07-2026 09:58:51 - [NAK]
26-07-2026 09:58:53 - [STX]R 000307N0001                   9284426[ETX]
26-07-2026 09:58:56 - [NAK]
26-07-2026 09:58:57 - [STX]R 000308N0001                   9284430[ETX]
26-07-2026 09:59:00 - [NAK]
26-07-2026 09:59:02 - [STX]R 000309N0001                   9284434[ETX]
26-07-2026 09:59:05 - [NAK]
26-07-2026 09:59:07 - [STX]R 000310N0001                   9284438[ETX]
26-07-2026 09:59:10 - [NAK]
26-07-2026 10:01:54 - [STX]RE[ETX]
26-07-2026 10:01:56 - [STX]DE[ETX]
26-07-2026 10:09:34 - [STX]RB[ETX]
26-07-2026 10:09:36 - [STX]DB[ETX]
26-07-2026 10:09:43 - [STX]R 000301N0001                   9284421[ETX]
26-07-2026 10:09:58 - [NAK][STX]R 000302N0001                   9284425[ETX][STX]R 000303N0001                   9284439[ETX]
26-07-2026 10:10:01 - [NAK]
26-07-2026 10:10:02 - [STX]R 000304N0001                   9284429[ETX]
26-07-2026 10:10:06 - [NAK]
26-07-2026 10:10:07 - [STX]R 000305N0001                   9284420[ETX]
26-07-2026 10:10:22 - [NAK][STX]R 000306N0001                   9284435[ETX][STX]R 000307N0001                   9284426[ETX]
26-07-2026 10:10:25 - [NAK]
26-07-2026 10:10:26 - [STX]R 000308N0001                   9284430[ETX]
26-07-2026 10:10:29 - [NAK]
26-07-2026 10:10:31 - [STX]R 000309N0001                   9284434[ETX]
26-07-2026 10:10:34 - [NAK]
26-07-2026 10:21:04 - [STX]RE[ETX]
26-07-2026 10:21:05 - [STX]DE[ETX]
26-07-2026 10:49:42 - [STX]RB[ETX]
26-07-2026 10:49:44 - [STX]DB[ETX]
26-07-2026 10:49:52 - [STX]R 000301N0001                   9284421[ETX]
26-07-2026 10:50:07 - [NAK][STX]R 000302N0001                   9284425[ETX][STX]R 000303N0001                   9284439[ETX]
26-07-2026 10:50:10 - [NAK]
26-07-2026 10:50:12 - [STX]R 000304N0001                   9284429[ETX]
26-07-2026 10:50:15 - [NAK]
26-07-2026 10:50:17 - [STX]R 000305N0001                   9284420[ETX]
26-07-2026 10:50:31 - [NAK][STX]R 000306N0001                   9284435[ETX][STX]R 000307N0001                   9284426[ETX]
26-07-2026 10:50:34 - [NAK]
26-07-2026 10:50:36 - [STX]R 000308N0001                   9284430[ETX]
26-07-2026 10:50:39 - [NAK]
26-07-2026 10:50:40 - [STX]R 000309N0001                   9284434[ETX]
26-07-2026 10:50:44 - [NAK]
26-07-2026 10:50:45 - [STX]R 000310N0001                   9284438[ETX]
26-07-2026 10:51:00 - [NAK][STX]R 001001N0001                   9295477[ETX]
26-07-2026 10:51:03 - [NAK]
26-07-2026 10:51:04 - [STX]R 001002N0001                   9295472[ETX]
26-07-2026 10:51:07 - [NAK]
26-07-2026 10:51:09 - [STX]R 001003N0001                   9295468[ETX]
26-07-2026 10:51:12 - [NAK]
26-07-2026 10:51:14 - [STX]R 001004N0001                   9295466[ETX]
26-07-2026 10:51:17 - [NAK]
26-07-2026 10:51:18 - [STX]R 001005N0001                   9295473[ETX]
26-07-2026 10:51:21 - [NAK]
26-07-2026 10:55:00 - [STX]R 001006N0001                   9295471[ETX]
26-07-2026 10:55:15 - [NAK]
26-07-2026 11:14:12 - [STX]RE[ETX]
26-07-2026 11:14:13 - [STX]DE[ETX]
26-07-2026 11:24:59 - [STX]RB[ETX]
26-07-2026 11:25:00 - [STX]DB[ETX]
26-07-2026 11:25:11 - [STX]R 001001N0001                   9295477[ETX]
26-07-2026 11:25:12 - --Send Message To Machine --[STX]S 001001 0001                   9295477    E014[ETX]
26-07-2026 11:25:13 - [ACK]
26-07-2026 11:25:16 - [STX]R 001002N0002                   9295472[ETX]
26-07-2026 11:25:16 - --Send Message To Machine --[STX]S 001002 0002                   9295472    E014[ETX]
26-07-2026 11:25:16 - [ACK]
26-07-2026 11:25:20 - [STX]R 001003N0003                   9295468[ETX]
26-07-2026 11:25:20 - --Send Message To Machine --[STX]S 001003 0003                   9295468    E014[ETX]
26-07-2026 11:25:21 - [ACK]
26-07-2026 11:25:25 - [STX]R 001004N0004                   9295466[ETX]
26-07-2026 11:25:25 - --Send Message To Machine --[STX]S 001004 0004                   9295466    E013001025002003005012024[ETX]
26-07-2026 11:25:25 - [ACK]
26-07-2026 11:25:29 - [STX]R 001005N0005                   9295473[ETX]
26-07-2026 11:25:29 - --Send Message To Machine --[STX]S 001005 0005                   9295473    E099007009013017097001025026028029027002098003005012024006[ETX]
26-07-2026 11:25:30 - [ACK]
26-07-2026 11:25:34 - [STX]R 001006N0006                   9295471[ETX]
26-07-2026 11:25:34 - --Send Message To Machine --[STX]S 001006 0006                   9295471    E099007010009013017097001025026028029022027002098003005012024006[ETX]
26-07-2026 11:25:34 - [ACK]
26-07-2026 11:37:25 - [STX]D 001001 0001                   9295477    E20260726113226014  94.5  [ETX]
26-07-2026 11:37:29 - [STX]D 001002 0002                   9295472    E20260726113230014  82.1  [ETX]
26-07-2026 11:37:34 - [STX]D 001003 0003                   9295468    E20260726113235014  90.9  [ETX]
26-07-2026 11:38:19 - [STX]D 001004 0004                   9295466    E20260726113320001  4.38  025  7.68  002 111.1  003  44.2  012 0.073  005  30.5  013
26-07-2026 11:38:19 -   39.3  024 0.645  [ETX]
26-07-2026 11:38:23 - [STX]R 000301N0007                   9284421[ETX]
26-07-2026 11:38:23 - --Send Message To Machine --[STX]S 000301 0007                   9284421    E014[ETX]
26-07-2026 11:38:24 - [ACK]
26-07-2026 11:38:28 - [STX]R 000302N0008                   9284425[ETX]
26-07-2026 11:38:28 - --Send Message To Machine --[STX]S 000302 0008                   9284425    E014[ETX]
26-07-2026 11:38:28 - [ACK]
26-07-2026 11:38:32 - [STX]R 000303N0009                   9284439[ETX]
26-07-2026 11:38:32 - --Send Message To Machine --[STX]S 000303 0009                   9284439    E014[ETX]
26-07-2026 11:38:33 - [ACK]
26-07-2026 11:38:37 - [STX]R 000304N0010                   9284429[ETX]
26-07-2026 11:38:37 - --Send Message To Machine --[STX]S 000304 0010                   9284429    E014[ETX]
26-07-2026 11:38:37 - [ACK]
26-07-2026 11:38:41 - [STX]R 000305N0011                   9284420[ETX]
26-07-2026 11:38:41 - --Send Message To Machine --[STX]S 000305 0011                   9284420    E099007009013097001025026028029002098003005012024006[ETX]
26-07-2026 11:38:42 - [ACK]
26-07-2026 11:38:46 - [STX]R 000306N0012                   9284435[ETX]
26-07-2026 11:38:46 - --Send Message To Machine --[STX]S 000306 0012                   9284435    E099007009013017097001025026028029027002098003005012024006[ETX]
26-07-2026 11:38:46 - [ACK]
26-07-2026 11:38:50 - [STX]R 000307N0013                   9284426[ETX]
26-07-2026 11:38:50 - --Send Message To Machine --[STX]S 000307 0013                   9284426    E099007009013017097001025026028029027002098003005012024006[ETX]
26-07-2026 11:38:51 - [ACK]
26-07-2026 11:38:55 - [STX]R 000308N0014                   9284430[ETX]
26-07-2026 11:38:55 - --Send Message To Machine --[STX]S 000308 0014                   9284430    E099007009013017097001025026028029027002098003005012024006[ETX]
26-07-2026 11:38:56 - [ACK]
26-07-2026 11:38:59 - [STX]R 000309N0015                   9284434[ETX]
26-07-2026 11:38:59 - --Send Message To Machine --[STX]S 000309 0015                   9284434    E099007009013017097001025026028029027002098003005012024006[ETX]
26-07-2026 11:39:00 - [ACK]
26-07-2026 11:39:04 - [STX]R 000310N0016                   9284438[ETX]
26-07-2026 11:39:04 - --Send Message To Machine --[STX]S 000310 0016                   9284438    E099007009013017097001025026028029027002098003005012024006[ETX]
26-07-2026 11:39:05 - [ACK]
26-07-2026 11:39:08 - [STX]R 000201N0017                   9145983[ETX]
26-07-2026 11:39:08 - --Send Message To Machine --[STX]S 000201 0017                   9145983    E014[ETX]
26-07-2026 11:39:09 - [ACK]
26-07-2026 11:39:13 - [STX]R 000202N0018                   9295475[ETX]
26-07-2026 11:39:13 - --Send Message To Machine --[STX]S 000202 0018                   9295475    E014[ETX]
26-07-2026 11:39:14 - [ACK]
26-07-2026 11:39:17 - [STX]R 000203N0019                   9145982[ETX]
26-07-2026 11:39:18 - --Send Message To Machine --[STX]S 000203 0019                   9145982    E099007009013017097001025026028029002098003005012024006[ETX]
26-07-2026 11:39:18 - [ACK]
26-07-2026 11:39:22 - [STX]R 000204N0020                   9284441[ETX]
26-07-2026 11:39:22 - --Send Message To Machine --[STX]S 000204 0020                   9284441    E014[ETX]
26-07-2026 11:39:23 - [ACK]
26-07-2026 11:39:27 - [STX]R 000205N0021                   8876497[ETX]
26-07-2026 11:39:27 - --Send Message To Machine --[STX]S 000205 0021                   8876497    E099007009013097001025026028029002098003005012024006[ETX]
26-07-2026 11:39:27 - [ACK]
26-07-2026 11:39:31 - [STX]R 000206N0022                   9295476[ETX]
26-07-2026 11:39:31 - --Send Message To Machine --[STX]S 000206 0022                   9295476    E099007010009013017097001025026028029022027002098003005012024006[ETX]
26-07-2026 11:39:32 - [ACK]
26-07-2026 11:39:36 - [STX]R 000207N0023                   8876501[ETX]
26-07-2026 11:39:36 - --Send Message To Machine --[STX]S 000207 0023                   8876501    E099007010009013097001025026028029002098003005012024006[ETX]
26-07-2026 11:39:36 - [ACK]
26-07-2026 11:39:40 - [STX]R 000208N0024                   9284443[ETX]
26-07-2026 11:39:40 - --Send Message To Machine --[STX]S 000208 0024                   9284443    E099007009013017097001025026028029027002098003005012024006[ETX]
26-07-2026 11:39:41 - [ACK]
26-07-2026 11:39:45 - [STX]D 001005 0005                   9295473    E20260726113446001  4.59  009 0.703  017150.07  026 161.4  025  8.28  002  66.6  003
26-07-2026 11:39:45 -   25.4  027 305.3  028 26.05  012 0.177  005  22.4  013  20.1  029   4.3  006 10.16  007 178.5  024 0.779  097 141.1  098 4.378 
26-07-2026 11:39:45 -  099  99.9  [ETX]
26-07-2026 11:41:33 - [STX]D 001006 0006                   9295471    E20260726113635001  4.41  009 0.786  017 43.51  026  73.8  025  7.77  010  1.32  002
26-07-2026 11:41:34 -   85.4  003  17.0  027 330.1  028 18.94  012 0.084  005  19.9  013   9.6  029   6.0  022   3.9G 006 10.29  007 166.1  024 0.596 
26-07-2026 11:41:34 -  097 138.7  098 4.379  099 106.0  [ETX]
26-07-2026 11:41:35 - [STX]Rh001001 0001                   9295477[ETX]
26-07-2026 11:41:38 - [NAK]
26-07-2026 11:41:40 - [STX]Rh001002 0002                   9295472[ETX]
26-07-2026 11:41:43 - [NAK]
26-07-2026 11:41:44 - [STX]Rh001003 0003                   9295468[ETX]
26-07-2026 11:41:47 - [NAK]
26-07-2026 11:41:49 - [STX]Rh001004 0004                   9295466[ETX]
26-07-2026 11:41:52 - [NAK]
26-07-2026 11:41:54 - [STX]Rh001005 0005                   9295473[ETX]
26-07-2026 11:41:54 - --Send Message To Machine --[STX]S 001005 0005                   9295473    E001025012024[ETX]
26-07-2026 11:41:54 - [ACK]
26-07-2026 11:41:56 - [STX]Rh001006 0006                   9295471[ETX]
26-07-2026 11:41:56 - --Send Message To Machine --[STX]S 001006 0006                   9295471    E001025012024[ETX]
26-07-2026 11:41:56 - [ACK]
26-07-2026 11:48:07 - [STX]D 000301 0007                   9284421    E20260726114309014  99.5  [ETX]
26-07-2026 11:48:12 - [STX]D 000302 0008                   9284425    E20260726114313014  89.4  [ETX]
26-07-2026 11:48:16 - [STX]D 000303 0009                   9284439    E20260726114318014  79.4  [ETX]
26-07-2026 11:48:21 - [STX]D 000304 0010                   9284429    E20260726114322014  83.7  [ETX]
26-07-2026 11:49:38 - [STX]D 000305 0011                   9284420    E20260726114439001  4.50  009 0.996  026 116.0  025  8.40  002  49.0  003  44.3  028
26-07-2026 11:49:38 -  27.81  012 0.166  005  40.8  013  40.1  029   9.5  006 10.05  007 177.4  024 1.113  097 141.0  098 4.395  099 100.6  [ETX]
26-07-2026 11:51:04 - [STX]D 000306 0012                   9284435    E20260726114605001  4.28  009 0.508  017 92.35  026 105.0  025  7.99  002  85.9  003
26-07-2026 11:51:04 -   18.5  027 260.8  028 22.60  012 0.127  005  22.8  013  12.2  029   5.0  006  9.42  007 253.3  024 1.183  097 138.5  098 4.177 
26-07-2026 11:51:04 -  099 105.5  [ETX]
26-07-2026 11:52:30 - [STX]D 000307 0013                   9284426    E20260726114731001  4.14  009 0.598  017112.16  026 106.2  025  7.68  002  59.8  003
26-07-2026 11:52:30 -   28.6  027 236.8  028 32.13  012 0.107  005  28.6  013  39.0  029   5.3  006  9.38  007 135.1  024 0.470  097 142.8  098 4.348 
26-07-2026 11:52:30 -  099 108.7  [ETX]
26-07-2026 11:53:56 - [STX]D 000308 0014                   9284430    E20260726114857001  4.37  009 0.658  017 47.06  026  88.3  025  8.02  002  68.5  003
26-07-2026 11:53:56 -   37.1  027 350.0  028 43.95  012 0.084  005  30.8  013   9.1  029   4.4  006 10.08  007 193.2  024 0.734  097 141.5  098 4.429 
26-07-2026 11:53:56 -  099 105.2  [ETX]
26-07-2026 11:55:22 - [STX]D 000309 0015                   9284434    E20260726115023001  4.64  009 0.463  017 80.91  026  41.2  025  7.96  002  74.7  003
26-07-2026 11:55:22 -   18.3  027 430.2  028 24.14  012 0.160  005  28.2  013   8.8  029   3.4  006  9.86  007 177.6  024 0.901  097 141.3  098 4.632 
26-07-2026 11:55:22 -  099 108.9  [ETX]
26-07-2026 11:56:48 - [STX]D 000310 0016                   9284438    E20260726115149001  5.05  009 0.726  017 25.65  026  83.5  025  8.80  002 102.3  003
26-07-2026 11:56:48 -   27.3  027 428.8  028 26.63  012 0.133  005  29.6  013  15.2  029   5.6  006 10.44  007 244.2  024 0.750  097 141.6  098 4.408 
26-07-2026 11:56:48 -  099 105.8  [ETX]
26-07-2026 11:56:49 - [STX]Rh000301 0007                   9284421[ETX]
26-07-2026 11:56:53 - [NAK]
26-07-2026 11:56:54 - [STX]D 000201 0017                   9145983    E20260726115154014  77.4  [ETX]
26-07-2026 11:56:56 - [STX]Rh000302 0008                   9284425[ETX]
26-07-2026 11:56:59 - [NAK]
26-07-2026 11:57:00 - [STX]D 000202 0018                   9295475    E20260726115158014  88.6  [ETX]
26-07-2026 11:57:02 - [STX]Rh000303 0009                   9284439[ETX]
26-07-2026 11:57:05 - [NAK]
26-07-2026 11:57:07 - [STX]Rh000304 0010                   9284429[ETX]
26-07-2026 11:57:10 - [NAK]
26-07-2026 11:57:11 - [STX]Rh000305 0011                   9284420[ETX]
26-07-2026 11:57:11 - --Send Message To Machine --[STX]S 000305 0011                   9284420    E001025012024[ETX]
26-07-2026 11:57:12 - [ACK]
26-07-2026 11:57:13 - [STX]Rh000306 0012                   9284435[ETX]
26-07-2026 11:57:13 - --Send Message To Machine --[STX]S 000306 0012                   9284435    E001025012024[ETX]
26-07-2026 11:57:14 - [ACK]
26-07-2026 11:57:16 - [STX]Rh000307 0013                   9284426[ETX]
26-07-2026 11:57:16 - --Send Message To Machine --[STX]S 000307 0013                   9284426    E001025012024[ETX]
26-07-2026 11:57:16 - [ACK]
26-07-2026 11:57:18 - [STX]Rh000308 0014                   9284430[ETX]
26-07-2026 11:57:18 - --Send Message To Machine --[STX]S 000308 0014                   9284430    E001025012024[ETX]
26-07-2026 11:57:18 - [ACK]
26-07-2026 11:57:20 - [STX]Rh000309 0015                   9284434[ETX]
26-07-2026 11:57:20 - --Send Message To Machine --[STX]S 000309 0015                   9284434    E001025012024[ETX]
26-07-2026 11:57:21 - [ACK]
26-07-2026 11:57:22 - [STX]Rh000310 0016                   9284438[ETX]
26-07-2026 11:57:22 - --Send Message To Machine --[STX]S 000310 0016                   9284438    E001025012024[ETX]
26-07-2026 11:57:23 - [ACK]
26-07-2026 11:58:18 - [STX]D 000203 0019                   9145982    E20260726115320001  4.20  009 0.688  017 30.90  026 134.9  025  7.50  002  86.6  003
26-07-2026 11:58:18 -   16.9  028 32.45  012 0.057  005  19.1  013  12.5  029   4.7  006  9.61  007 207.0  024 0.405  097 141.1  098 4.363  099 108.1 
26-07-2026 11:58:18 -  [ETX]
26-07-2026 11:58:23 - [STX]D 000204 0020                   9284441    E20260726115324014  94.9  [ETX]
26-07-2026 11:59:40 - [STX]D 000205 0021                   8876497    E20260726115441001  4.62  009 0.816  026  95.1  025  8.15  002  80.9  003 128.4  028
26-07-2026 11:59:40 -  21.77  012 0.133  005 141.6  013  89.2  029   5.5  006  9.72  007 177.8  024 0.614  097 142.6  098 3.903  099 106.8  [ETX]
26-07-2026 12:01:02 - [STX]D 000206 0022                   9295476    E20260726115603001  4.24  009      %?017      %?025      %?010      %?002  50.9  003
26-07-2026 12:01:02 -       %?005      %?013      %?022      %?006      %?007      %?024      %?097 139.1  098 4.201  099 107.1  [ETX]
26-07-2026 12:02:41 - [STX]D 000207 0023                   8876501    E20260726115742001  4.13  009 0.523  026  85.2  025  8.20  010 11.06  002  81.6  003
26-07-2026 12:02:41 -   19.6  028 17.62  012 0.160  005  20.7  013  20.7  029   4.3  006  9.77  007 183.6  024 0.706  097 136.9  098 4.361  099 105.4 
26-07-2026 12:02:41 -  [ETX]
26-07-2026 12:04:07 - [STX]D 000208 0024                   9284443    E20260726115908001  4.18  009 0.673  017 36.66  026 243.7  025  7.27  002  81.4  003
26-07-2026 12:04:07 -   14.1  027 298.1  028 20.39  012 0.088  005  22.3  013  13.9  029   4.6  006  9.49  007 199.6  024 0.851  097 140.3  098 3.759 
26-07-2026 12:04:07 -  099 106.6  [ETX]
26-07-2026 12:04:08 - [STX]Rh000201 0017                   9145983[ETX]
26-07-2026 12:04:11 - [NAK]
26-07-2026 12:04:13 - [STX]Rh000202 0018                   9295475[ETX]
26-07-2026 12:04:16 - [NAK]
26-07-2026 12:04:18 - [STX]Rh000203 0019                   9145982[ETX]
26-07-2026 12:04:18 - --Send Message To Machine --[STX]S 000203 0019                   9145982    E001025012024[ETX]
26-07-2026 12:04:18 - [ACK]
26-07-2026 12:04:20 - [STX]Rh000204 0020                   9284441[ETX]
26-07-2026 12:04:23 - [NAK]
26-07-2026 12:04:24 - [STX]Rh000205 0021                   8876497[ETX]
26-07-2026 12:04:25 - --Send Message To Machine --[STX]S 000205 0021                   8876497    E001025012024[ETX]
26-07-2026 12:04:25 - [ACK]
26-07-2026 12:04:27 - [STX]Rh000207 0023                   8876501[ETX]
26-07-2026 12:04:27 - --Send Message To Machine --[STX]S 000207 0023                   8876501    E001025012024[ETX]
26-07-2026 12:04:27 - [ACK]
26-07-2026 12:04:29 - [STX]Rh000208 0024                   9284443[ETX]
26-07-2026 12:04:29 - --Send Message To Machine --[STX]S 000208 0024                   9284443    E001025012024[ETX]
26-07-2026 12:04:30 - [ACK]
26-07-2026 12:13:41 - [STX]R 000201N0025                   9295476[ETX]
26-07-2026 12:13:41 - --Send Message To Machine --[STX]S 000201 0025                   9295476    E007010009013017001025026028029022027003005012024006[ETX]
26-07-2026 12:13:42 - [ACK]
26-07-2026 12:13:46 - [STX]R 000202N0026                   9284444[ETX]
26-07-2026 12:13:46 - --Send Message To Machine --[STX]S 000202 0026                   9284444    E014[ETX]
26-07-2026 12:13:47 - [ACK]
26-07-2026 12:23:39 - [STX]R 000301N0027                   9284517[ETX]
26-07-2026 12:23:39 - --Send Message To Machine --[STX]S 000301 0027                   9284517    E007026[ETX]
26-07-2026 12:23:39 - [ACK]
26-07-2026 12:23:43 - [STX]R 000302N0028                   9284445[ETX]
26-07-2026 12:23:43 - --Send Message To Machine --[STX]S 000302 0028                   9284445    E099007009013017097001025026028029027002098003005012024006[ETX]
26-07-2026 12:23:44 - [ACK]
26-07-2026 12:25:09 - [STX]D 000201 0025                   9295476    E20260726122011001  4.26  009 0.831  017 54.51  026 127.3  025  7.42  010 10.67  003
26-07-2026 12:25:10 -   16.2  027 253.8  028 28.91  012 0.051  005  20.3  013  17.6  029   4.5  022   4.5G 006  9.31  007 219.0  024 0.794  [ETX]
26-07-2026 12:25:14 - [STX]D 000202 0026                   9284444    E20260726122015014  88.0  [ETX]
26-07-2026 12:25:15 - [STX]Rh000201 0025                   9295476[ETX]
26-07-2026 12:25:16 - --Send Message To Machine --[STX]S 000201 0025                   9295476    E007010009013017001025026028029022027003005012024006[ETX]
26-07-2026 12:25:16 - [ACK]
26-07-2026 12:25:18 - [STX]Rh000202 0026                   9284444[ETX]
26-07-2026 12:25:21 - [NAK]
26-07-2026 12:33:27 - [STX]D 000301 0027                   9284517    E20260726122829026 104.6  007 154.6  [ETX]
26-07-2026 12:34:53 - [STX]D 000302 0028                   9284445    E20260726122955001  4.44  009 0.688  017 54.75  026  81.0  025  7.80  002  53.8  003
26-07-2026 12:34:53 -   28.8  027 284.2  028 15.57  012 0.073  005  19.8  013  14.5  029   6.0  006  9.70  007 144.8  024 0.509  097 138.5  098 4.361 
26-07-2026 12:34:53 -  099 105.0  [ETX]
26-07-2026 12:34:55 - [STX]Rh000301 0027                   9284517[ETX]
26-07-2026 12:34:58 - [NAK]
26-07-2026 12:35:00 - [STX]Rh000302 0028                   9284445[ETX]
26-07-2026 12:35:00 - --Send Message To Machine --[STX]S 000302 0028                   9284445    E099007013097001025026028029027098003005012024006[ETX]
26-07-2026 12:35:00 - [ACK]
26-07-2026 12:46:07 - [STX]R 000301N0029                   9284488[ETX]
26-07-2026 12:46:08 - --Send Message To Machine --[STX]S 000301 0029                   9284488    E099007009013097001025026028029002098003005012024006[ETX]
26-07-2026 12:46:08 - [ACK]
26-07-2026 12:46:12 - [STX]R 000302N0030                   9284515[ETX]
26-07-2026 12:46:12 - --Send Message To Machine --[STX]S 000302 0030                   9284515    E014[ETX]
26-07-2026 12:46:13 - [ACK]
26-07-2026 12:59:29 - [STX]D 000301 0029                   9284488    E20260726125430001  2.46  009 2.373  026 219.0  025  5.69  002 134.4  003  13.0  028
26-07-2026 12:59:29 -  66.83  012 0.579  005  13.5  013  54.7  029   8.1  006  8.17  007 133.5  024 1.554  097 137.1  098 3.892  099 106.7  [ETX]
26-07-2026 12:59:33 - [STX]D 000302 0030                   9284515    E20260726125435014 108.3  [ETX]
26-07-2026 12:59:35 - [STX]Rh000301 0029                   9284488[ETX]
26-07-2026 12:59:35 - --Send Message To Machine --[STX]S 000301 0029                   9284488    E099007013097001025026028029098003005012024006[ETX]
26-07-2026 12:59:36 - [ACK]
26-07-2026 12:59:37 - [STX]Rh000302 0030                   9284515[ETX]
26-07-2026 12:59:40 - [NAK]
